$ git mv text1.txt text2.txt
$ git status

On branch master
Changes to be committed:
  (use "git reset HEAD <file>..." to unstage)

        renamed:    text1.txt -> text2.txt

