$ git rm text1.txt
rm 'text1.txt'

$ git status

On branch master
Changes to be committed:
  (use "git reset HEAD <file>..." to unstage)

        deleted:    text1.txt

